
[1m[46m RUN [49m[22m [36mv4.1.1 [39m[90mC:/Users/mxz/Desktop/my website/aim-platform[39m

 [32mΓ£ô[39m src/lib/logger.test.ts [2m([22m[2m9 tests[22m[2m)[22m[32m 13[2mms[22m[39m
 [32mΓ£ô[39m src/lib/agents/batch-audit-stream.test.ts [2m([22m[2m9 tests[22m[2m)[22m[32m 9[2mms[22m[39m
 [32mΓ£ô[39m src/app/api/auth/register/register.integration.test.ts [2m([22m[2m6 tests[22m[2m)[22m[32m 9[2mms[22m[39m
 [32mΓ£ô[39m src/__tests__/upload-safety.test.ts [2m([22m[2m34 tests[22m[2m)[22m[32m 12[2mms[22m[39m
 [32mΓ£ô[39m src/lib/agents/notifications.test.ts [2m([22m[2m14 tests[22m[2m)[22m[32m 8[2mms[22m[39m
 [32mΓ£ô[39m src/lib/auth.test.ts [2m([22m[2m13 tests[22m[2m)[22m[32m 28[2mms[22m[39m
 [32mΓ£ô[39m src/lib/device-fingerprint.test.ts [2m([22m[2m4 tests[22m[2m)[22m[32m 33[2mms[22m[39m
 [32mΓ£ô[39m src/lib/cache.test.ts [2m([22m[2m9 tests[22m[2m)[22m[32m 157[2mms[22m[39m
 [32mΓ£ô[39m src/lib/agents/audition-agent.test.ts [2m([22m[2m29 tests[22m[2m)[22m[32m 11[2mms[22m[39m
 [32mΓ£ô[39m src/lib/api-security.test.ts [2m([22m[2m14 tests[22m[2m)[22m[33m 1146[2mms[22m[39m
     [33m[2mΓ£ô[22m[39m expired token should not pass any guard [33m 1116[2mms[22m[39m

[2m Test Files [22m [1m[32m10 passed[39m[22m[90m (10)[39m
[2m      Tests [22m [1m[32m141 passed[39m[22m[90m (141)[39m
[2m   Start at [22m 22:04:42
[2m   Duration [22m 1.63s[2m (transform 658ms, setup 202ms, import 1.09s, tests 1.43s, environment 2ms)[22m

